/Users/lounysbernard/Desktop/SIR/TP/TP new/src/main/java/fr/istic/taa/jaxrs/rest/PetResource.java
/Users/lounysbernard/Desktop/SIR/TP/TP new/src/main/java/fr/istic/taa/jaxrs/domain/Pet.java
/Users/lounysbernard/Desktop/SIR/TP/TP new/src/main/java/fr/istic/taa/jaxrs/dao/generic/IGenericDao.java
/Users/lounysbernard/Desktop/SIR/TP/TP new/src/main/java/fr/istic/taa/jaxrs/domain/Employee.java
/Users/lounysbernard/Desktop/SIR/TP/TP new/src/main/java/fr/istic/taa/jaxrs/TestApplication.java
/Users/lounysbernard/Desktop/SIR/TP/TP new/src/main/java/fr/istic/taa/jaxrs/dao/generic/AbstractJpaDao.java
/Users/lounysbernard/Desktop/SIR/TP/TP new/src/main/java/fr/istic/taa/jaxrs/domain/Fiche.java
/Users/lounysbernard/Desktop/SIR/TP/TP new/src/main/java/fr/istic/taa/jaxrs/domain/FicheAvecImg.java
/Users/lounysbernard/Desktop/SIR/TP/TP new/src/main/java/fr/istic/taa/jaxrs/domain/Department.java
/Users/lounysbernard/Desktop/SIR/TP/TP new/src/main/java/fr/istic/taa/jaxrs/rest/EmployeeResource.java
/Users/lounysbernard/Desktop/SIR/TP/TP new/src/main/java/fr/istic/taa/jaxrs/dao/generic/EntityManagerHelper.java
/Users/lounysbernard/Desktop/SIR/TP/TP new/src/main/java/fr/istic/taa/jaxrs/dao/DaoEmployee.java
/Users/lounysbernard/Desktop/SIR/TP/TP new/src/main/java/fr/istic/taa/jaxrs/RestServer.java
/Users/lounysbernard/Desktop/SIR/TP/TP new/src/main/java/fr/istic/taa/jaxrs/domain/KanbanBoard.java
